// Jest Snapshot v1, https://goo.gl/fbAQLP

exports[`Component/ES6/SliderShell/Unit Test renders as expected 1`] = `
<section
  className="Container-gZqETv hbYoHa"
  style={Object {}}
/>
`;
