// Jest Snapshot v1, https://goo.gl/fbAQLP

exports[`MoleculesTemplateComponent renders as expected 1`] = `
<h1
  className=""
  style={Object {}}
>
  Success 
  
</h1>
`;
