// Jest Snapshot v1, https://goo.gl/fbAQLP

exports[`Component/ES6/SliderShellAnimated/Unit Test renders as expected 1`] = `
<section
  className="sc-bdVaJa fvBIug"
  style={Object {}}
>
  SUCCESS
</section>
`;
