// Jest Snapshot v1, https://goo.gl/fbAQLP

exports[`AtomTemplateComponent renders as expected 1`] = `
<h1
  val=""
>
  
</h1>
`;
