// Jest Snapshot v1, https://goo.gl/fbAQLP

exports[`Component/Pure/MoleculeTemplateComponent/Unit Test renders as expected 1`] = `
<section
  className="Container-gZqETv fhghoX"
  style={Object {}}
>
  SUCCESS
</section>
`;
